[2026-05-12T08:13:36] perf(simulation): optimize orbital path interpolation cache
[2026-05-12T08:40:21] fix(physics): adjust kinetic impact energy calculation
[2026-05-12T17:58:26] feat(trajectory): calibrate atmospheric entry drag coefficient
[2026-05-12T22:54:57] style(canvas): enhance asteroid fragment trail rendering
[2026-05-12T19:52:43] test(orbital): add unit test for trajectory deflection math
[2026-05-12T19:15:17] feat(impact): calculate localized shockwave radius
[2026-05-12T09:20:29] style(canvas): enhance asteroid fragment trail rendering
[2026-05-12T13:13:35] test(orbital): add unit test for trajectory deflection math
[2026-05-12T20:48:22] perf(simulation): optimize orbital path interpolation cache
[2026-05-12T23:54:05] test(orbital): add unit test for trajectory deflection math
[2026-05-12T19:39:34] docs(telemetry): record planetary defense simulation run
[2026-05-12T18:53:19] fix(physics): adjust kinetic impact energy calculation
[2026-05-12T10:40:25] test(orbital): add unit test for trajectory deflection math
[2026-05-12T23:40:11] refactor(engine): modularize celestial collision detector
[2026-05-12T14:16:54] feat(impact): calculate localized shockwave radius
[2026-05-12T19:21:51] feat(impact): calculate localized shockwave radius
[2026-05-12T19:48:10] perf(simulation): optimize orbital path interpolation cache
[2026-05-12T18:01:07] docs(telemetry): record planetary defense simulation run
[2026-05-12T17:58:32] style(canvas): enhance asteroid fragment trail rendering
[2026-05-12T13:25:39] fix(physics): adjust kinetic impact energy calculation
[2026-05-12T14:05:05] refactor(engine): modularize celestial collision detector
[2026-05-12T16:09:45] test(orbital): add unit test for trajectory deflection math
[2026-05-12T19:25:08] refactor(engine): modularize celestial collision detector
[2026-05-12T11:54:47] style(canvas): enhance asteroid fragment trail rendering
[2026-05-12T10:20:14] feat(impact): calculate localized shockwave radius
[2026-05-12T09:15:35] perf(simulation): optimize orbital path interpolation cache
[2026-05-12T16:01:31] docs(telemetry): record planetary defense simulation run
[2026-05-12T15:15:56] docs(telemetry): record planetary defense simulation run
[2026-05-12T22:41:51] docs(telemetry): record planetary defense simulation run
[2026-05-12T12:00:18] docs(telemetry): record planetary defense simulation run
[2026-05-12T08:54:39] feat(impact): calculate localized shockwave radius
[2026-05-12T22:26:35] docs(telemetry): record planetary defense simulation run
